// Jest Snapshot v1, https://goo.gl/fbAQLP

exports[`<HomePage /> should match SnapShot 1`] = `ShallowWrapper {}`;
